	curcol	= $39
	RASTER_SPLIT	= $72
	draw_top_hi	= $21
	VIEW_COL	= $4
	COL_OUTSIDE	= $9
	calc_frame_dt	= $b1d	; ?
	x0	= $12
	x1	= $14
	last_ch	= $1c
	show_ui_tab	= $a1f
	pending_show	= $20
	td7	= $12cc	; ?
	td6	= $12a6	; ?
	HUD_CH_SP	= $a
	vis_ptr	= $26
	td5	= $1280	; ?
	td4	= $125a	; ?
	td3	= $1234	; ?
	td2	= $120e	; ?
	render_cube	= $1483	; ?
	td1	= $11e8	; ?
	HUD_COL	= $4
	td0	= $11c2	; ?
	steep	= $1191	; ?
	stu_h	= $131d	; ?
	SCR_B	= $c400
	COL_HUD_BG	= $0
	SCR_A	= $c000
	sh_up	= $1083	; ?
	stu_l	= $1315	; ?
	PROJ_Z	= $ca20
	PROJ_Y	= $ca08
	ZCLIP	= $48
	PROJ_X	= $ca00
	main	= $841
	SINTAB	= $fb00
	last_half	= $1d	; unused
	lut_src	= $15b9	; ?
	fill_screens	= $926	; ?
	draw_bot_hi	= $22
	colptr	= $6
	tu1s	= $1367	; ?
	dirty_a_n	= $36
	tu3s	= $13af	; ?
	tu5s	= $13f7	; ?
	vindex	= $35
	set_draw_ptrs	= $9dd	; ?
	tu7s	= $144d	; ?
	irq_phase	= $2b
	HUD_ROW	= $12
	LUT_PAGES	= $5
	CH_A_TOP	= $d000
	px	= $10
	ry	= $31
	py	= $11
	rx	= $30
	stamp_viewport	= $95f	; ?
	vz	= $1463
	sup_h	= $10a0	; ?
	vy	= $145b
	rz	= $32
	vx	= $1453
	COL_BORDER	= $0
	sup_l	= $1098	; ?
	D018_B_TOP	= $18
	err_l	= $1a
	init_hud	= $bb3	; ?
	dx	= $16
	dy	= $17
	DIRTY_A	= $c800
	PERSP_MAX	= $50
	DIRTY_B	= $c900
	su6	= $114a	; ?
	su7	= $1165	; ?
	su4	= $1114	; ?
	su5	= $112f	; ?
	su2	= $10de	; ?
	su3	= $10f9	; ?
	su0	= $10a8	; ?
	su1	= $10c3	; ?
	VIEW_ROW	= $0	; unused
	COL_HUD_DIM	= $2
	casc_now	= $ca18
	nmi_rti	= $a21
	std_l	= $11b2	; ?
	std_h	= $11ba	; ?
	frame_cy	= $ca14
	UI_CHARSET	= $f000
	CH_B_TOP	= $e000
	mul_sign	= $c
	COSTAB	= $fc00
	VIS_B	= $600
	VIS_A	= $400
	D018_A_TOP	= $4
	clear_charsets	= $9bd	; ?
	prof_read_casc	= $b3c	; ?
	td1s	= $1208	; ?
	td3s	= $1254	; ?
	td5s	= $12a0	; ?
	td7s	= $12fa	; ?
	wait_frame	= $ad5	; ?
	show_top_tab	= $a1b
	RASTER_HUD	= $b3
	hud_font	= $c5f	; ?
	LOGTAB	= $f800
	HUD_CH_M	= $b
	CIA2_TA_LO	= $dd04
	ALOGTAB	= $f900	; unused
	y0	= $13
	y1	= $15
	plotptr	= $6
	CIA2_TA_HI	= $dd05
	tu7	= $1421	; ?
	tu6	= $13fd	; ?
	HUD_OFF	= $2d4
	tu5	= $13d9	; ?
	prod_l	= $a
	tu4	= $13b5	; ?
	HUD_CH_S	= $c
	tu3	= $1391	; ?
	COL_LINE	= $8
	tu2	= $136d	; ?
	tu1	= $1349	; ?
	prod_h	= $b
	fill_colour	= $8ec	; ?
	tu0	= $1325	; ?
	RASTER_TOP	= $32
	prof_init	= $ae4	; ?
	yaw	= $2d
	hud_font_end	= $cc7	; ?
	raster_irq	= $a69	; ?
	show_bot_tab	= $a1d
	init_irq	= $a22	; ?
	VIEW_W	= $20
	COL_HUD	= $8
	linect	= $1b	; unused
	st_up	= $1300	; ?
	D018_B_UI	= $1c
	frame_t0	= $ca10
	umul8	= $cc7
	start	= $80d	; unused
	mul_a	= $8
	mul_b	= $9
	FOCAL	= $64
	CUBE_H	= $20
	sh_dn	= $f65	; ?
	mc_h	= $e
	zero_vis	= $8a8	; ?
	mc_l	= $d
	show_d018_bot	= $2a
	tu0s	= $1343	; ?
	hud_print	= $c2a	; ?
	tu2s	= $138b	; ?
	prof_frame_sample	= $b88	; ?
	tu4s	= $13d3	; ?
	tu6s	= $141b	; ?
	VIEW_H	= $10
	lut_end	= $1ab9
	sy	= $19
	CIA2_ICR	= $dd0d
	CH_A_BOT	= $d800
	sx	= $18	; unused
	cs	= $33
	edges	= $146b
	CAMZ	= $a0
	y_cross_down	= $eb5
	mr	= $f
	D018_B_BOT	= $1a
	init_vic	= $8bb	; ?
	smul7	= $cf6
	D018_A_UI	= $c
	tile_half	= $24
	z_eye	= $2f
	clear_dirty	= $e50	; ?
	draw_line	= $ee3
	mark_dirty	= $db2
	draw_buf	= $1e
	mark_bbox	= $ddb
	y_cross_up	= $ecc
	COL_BG	= $9
	sn	= $34
	sd6	= $1038	; ?
	CIA2_CRA	= $dd0e
	sd7	= $1055	; ?
	dt_ms	= $38
	CIA2_CRB	= $dd0f
	sd4	= $ffe	; ?
	copy_luts	= $885	; ?
	sd5	= $101b	; ?
	tmp1	= $3
	sd2	= $fc4	; ?
	tmp0	= $2
	sd3	= $fe1	; ?
	tmp3	= $5
	sd0	= $f8a	; ?
	tmp2	= $4
	sd1	= $fa7	; ?
	sdn_l	= $f7a	; ?
	show_buf	= $1f
	prof_store_t0	= $b6f	; ?
	sdn_h	= $f82	; ?
	frame_flag	= $2c
	col_hi	= $d92
	CIA2_TB_LO	= $dd06
	dirty_count	= $25
	pitch	= $2e
	col_lo	= $d72
	CIA2_TB_HI	= $dd07
	CH_B_BOT	= $e800
	dirty_ptr	= $28
	D018_A_BOT	= $6
	dirty_b_n	= $37
	td0s	= $11e2	; ?
	td2s	= $122e	; ?
	tile_ch	= $23
	persp	= $d30
	td4s	= $127a	; ?
	td6s	= $12c6	; ?
